pack/Main.hx:8: characters 13-14 : { Statics otherPack.Mod } has no field A