Main.hx:3: characters 17-20 : { Statics _Main.Foo_Impl_ } should be Enum<Unknown<0>>
Main.hx:3: characters 17-20 : ... For function argument 'e'