MainFail.hx:4: characters 22-38 : { Statics haxe.macro.Compiler } has no field getConfiguration